AAAAAQAAAgAAAwAABAAABQAABgAABwAACAAACQAACgAACwAADAAADQAADgAADwAAEAAAEQAAEgAA
EwAAFAAAFQAAFgAAFwAAGAAAGQAAGgAAGwAAHAAAHQAAHgAAHwAAIAAAIQAAIgAAIwAAJAAAJQAA
JgAAJwAAKAAAKQAAKgAAKwAALAAALQAALgAALwAAMAAAMQAAMgAAMwAANAAANQAANgAANwAAOAAA
OQAAOgAAOwAAPAAAPQAAPgAAPwAAQAAAQQAAQgAAQwAARAAARQAARgAARwAASAAASQAASgAASwAA
TAAATQAATgAATwAAUAAAUQAAUgAAUwAAVAAAVQAAVgAAVwAAWAAAWQAAWgAAWwAAXAAAXQAAXgAA
XwAAYAAAYQAAYgAAYwAAZAAAZQAAZgAAZwAAaAAAaQAAagAAawAAbAAAbQAAbgAAbwAAcAAAcQAA
cgAAcwAAdAAAdQAAdgAAdwAAeAAAeQAAegAAewAAfAAAfQAAfgAAfwAAwoAAAMKBAADCggAAwoMA
AMKEAADChQAAwoYAAMKHAADCiAAAwokAAMKKAADCiwAAwowAAMKNAADCjgAAwo8AAMKQAADCkQAA
wpIAAMKTAADClAAAwpUAAMKWAADClwAAwpgAAMKZAADCmgAAwpsAAMKcAADCnQAAwp4AAMKfAADC
oAAAwqEAAMKiAADCowAAwqQAAMKlAADCpgAAwqcAAMKoAADCqQAAwqoAAMKrAADCrAAAwq0AAMKu
AADCrwAAwrAAAMKxAADCsgAAwrMAAMK0AADCtQAAwrYAAMK3AADCuAAAwrkAAMK6AADCuwAAwrwA
AMK9AADCvgAAwr8AAMOAAADDgQAAw4IAAMODAADDhAAAw4UAAMOGAADDhwAAw4gAAMOJAADDigAA
w4sAAMOMAADDjQAAw44AAMOPAADDkAAAw5EAAMOSAADDkwAAw5QAAMOVAADDlgAAw5cAAMOYAADD
mQAAw5oAAMObAADDnAAAw50AAMOeAADDnwAAw6AAAMOhAADDogAAw6MAAMOkAADDpQAAw6YAAMOn
AADDqAAAw6kAAMOqAADDqwAAw6wAAMOtAADDrgAAw68AAMOwAADDsQAAw7IAAMOzAADDtAAAw7UA
AMO2AADDtwAAw7gAAMO5AADDugAAw7sAAMO8AADDvQAAw74AAMO/AAA=
